<?xml version="1.0" encoding="utf-8"?>
<TestRun id="845fc355-5155-4fad-9a11-57348b5d82bb" name="mroessler@DESKTOP-FQKOHME 2023-12-23 14:37:36" runUser="DESKTOP-FQKOHME\mroessler" xmlns="http://microsoft.com/schemas/VisualStudio/TeamTest/2010">
  <Times creation="2023-12-23T14:37:36.2299435+01:00" queuing="2023-12-23T14:37:36.2299437+01:00" start="2023-12-23T14:37:35.4140149+01:00" finish="2023-12-23T14:37:36.3118181+01:00" />
  <TestSettings name="default" id="9306104a-808e-41a7-89e8-765016172d79">
    <Deployment runDeploymentRoot="mroessler_DESKTOP-FQKOHME_2023-12-23_14_37_36" />
  </TestSettings>
  <Results>
    <UnitTestResult executionId="886a993d-ce75-4c1e-8e98-e3fca9417197" testId="db8eae2a-e1b2-932b-23a8-36e5db9acc95" testName="Test_Pass" computerName="DESKTOP-FQKOHME" duration="00:00:00.0184299" startTime="2023-12-23T14:37:36.1000277+01:00" endTime="2023-12-23T14:37:36.1183861+01:00" testType="13cdc9d9-ddb5-4fa4-a97d-d965ccfc6d4b" outcome="Failed" testListId="8c84fa94-04c1-424b-9868-57a2d4851a1d" relativeResultsDirectory="886a993d-ce75-4c1e-8e98-e3fca9417197">
      <Output>
        <ErrorInfo>
          <Message>OneTimeSetUp: OneTimeSetUp failed</Message>
          <StackTrace>   at GithubDotnetResultsExporter.IntegrationTest.SetupFailSampleTest.OneTimeSetUp() in D:\Entwicklung\DotNet\GithubDotnetResultsExporter\GithubDotnetResultsExporter.IntegrationTest\SetupFailSampleTest.cs:line 13&#xD;

</StackTrace>
        </ErrorInfo>
      </Output>
    </UnitTestResult>
  </Results>
  <TestDefinitions>
    <UnitTest name="Test_Pass" storage="d:\entwicklung\dotnet\githubdotnetresultsexporter\githubdotnetresultsexporter.integrationtest\bin\debug\net7.0\githubdotnetresultsexporter.integrationtest.dll" id="db8eae2a-e1b2-932b-23a8-36e5db9acc95">
      <Execution id="886a993d-ce75-4c1e-8e98-e3fca9417197" />
      <TestMethod codeBase="D:\Entwicklung\DotNet\GithubDotnetResultsExporter\GithubDotnetResultsExporter.IntegrationTest\bin\Debug\net7.0\GithubDotnetResultsExporter.IntegrationTest.dll" adapterTypeName="executor://nunit3testexecutor/" className="GithubDotnetResultsExporter.IntegrationTest.SetupFailSampleTest" name="Test_Pass" />
    </UnitTest>
  </TestDefinitions>
  <TestEntries>
    <TestEntry testId="db8eae2a-e1b2-932b-23a8-36e5db9acc95" executionId="886a993d-ce75-4c1e-8e98-e3fca9417197" testListId="8c84fa94-04c1-424b-9868-57a2d4851a1d" />
  </TestEntries>
  <TestLists>
    <TestList name="Results Not in a List" id="8c84fa94-04c1-424b-9868-57a2d4851a1d" />
    <TestList name="All Loaded Results" id="19431567-8539-422a-85d7-44ee4e166bda" />
  </TestLists>
  <ResultSummary outcome="Failed">
    <Counters total="1" executed="1" passed="0" failed="1" error="0" timeout="0" aborted="0" inconclusive="0" passedButRunAborted="0" notRunnable="0" notExecuted="0" disconnected="0" warning="0" completed="0" inProgress="0" pending="0" />
    <Output>
      <StdOut>NUnit Adapter 4.5.0.0: Test execution started&#xD;
Running selected tests in D:\Entwicklung\DotNet\GithubDotnetResultsExporter\GithubDotnetResultsExporter.IntegrationTest\bin\Debug\net7.0\GithubDotnetResultsExporter.IntegrationTest.dll&#xD;
   NUnit3TestExecutor discovered 1 of 1 NUnit test cases using Current Discovery mode, Non-Explicit run&#xD;
NUnit Adapter 4.5.0.0: Test execution complete&#xD;
</StdOut>
    </Output>
    <RunInfos>
      <RunInfo computerName="DESKTOP-FQKOHME" outcome="Warning" timestamp="2023-12-23T14:37:36.1294198+01:00">
        <Text>Setup failed for test fixture GithubDotnetResultsExporter.IntegrationTest.SetupFailSampleTest</Text>
      </RunInfo>
      <RunInfo computerName="DESKTOP-FQKOHME" outcome="Warning" timestamp="2023-12-23T14:37:36.1300894+01:00">
        <Text>OneTimeSetUp failed
StackTrace:    at GithubDotnetResultsExporter.IntegrationTest.SetupFailSampleTest.OneTimeSetUp() in D:\Entwicklung\DotNet\GithubDotnetResultsExporter\GithubDotnetResultsExporter.IntegrationTest\SetupFailSampleTest.cs:line 13&#xD;
</Text>
      </RunInfo>
    </RunInfos>
  </ResultSummary>
</TestRun>